etc/avahi/avahi-daemon.conf
etc/accel-ppp.conf
etc/archiso/functions
etc/arch-release
etc/aurgetrc
etc/autofs/auto.master
etc/default/grub
etc/dhclient.conf
etc/hostname
etc/hosts
etc/hosts.allow
etc/hosts.deny
etc/ifplugd/ifplugd.conf
etc/issue
etc/locale.conf
etc/locale.gen
etc/lsb-release
etc/mkinitcpio.conf
etc/mkinitcpio.d/linux-lts.preset
etc/mkinitcpio.d/linux.preset
etc/netgroup
etc/network.d/eth0
etc/network.d/eth1
etc/NetworkManager/NetworkManager.conf
etc/networks
etc/nsswitch.conf
etc/ntp.conf
etc/os-release
etc/pacman.conf
etc/pacman.d/mirrorlist
etc/pam.d/su
etc/quagga/babeld.conf
etc/quagga/ospfd.conf
etc/quagga/ripd.conf
etc/quagga/vtysh.conf
etc/quagga/zebra.conf
etc/skel/.bash_logout
etc/skel/.bash_profile
etc/skel/.bashrc
etc/skel/.xinitrc
etc/skel/.Xresources
etc/skel/.xsession
etc/snmp/snmpd.conf
etc/ssh/ssh_config
etc/ssh/sshd_config
etc/sudoers.d/g_wheel
etc/sudoers.d/u_unexicon
etc/timezone
etc/udev/rules.d/80-net-name-slot.rules
etc/udev/rules.d/99-xtra-systemd.rules
etc/vconsole.conf
etc/vimrc
etc/X11/rgb.txt
etc/X11/xorg.conf.d/10-myradeon.conf.save
etc/yp.conf
usr/lib/avahi/service-types.db
usr/share/avahi/service-types
